// Jest Snapshot v1, https://goo.gl/fbAQLP

exports[`MiniCart by data flow if the order ID is defined and > 0 if the request succeeds renders the MiniCart displaying the cart content correctly 1`] = `
<DocumentFragment>
  <div
    class="mini-cart"
  >
    <div
      class="mini-cart-overlay"
    />
    <button
      aria-label="open-mini-cart"
      class="mini-cart-opener"
      data-badge-count="0"
      data-qa-id="miniCartButton"
    >
      <svg
        class="lexicon-icon lexicon-icon-shopping-cart"
        role="presentation"
      >
        <use
          href="#shopping-cart"
        />
      </svg>
    </button>
    <div
      class="mini-cart-wrapper"
    >
      <div
        class="mini-cart-header"
      >
        <div
          class="mini-cart-header-block"
        >
          <div
            class="mini-cart-header-title"
          >
            <h2>
              your-order-is-empty
            </h2>
          </div>
          <button
            aria-label="close-mini-cart"
            class="mini-cart-close"
          >
            <svg
              class="lexicon-icon lexicon-icon-times"
              role="presentation"
            >
              <use
                href="#times"
              />
            </svg>
          </button>
        </div>
      </div>
      <div
        class="mini-cart-wrapper-items"
      />
      <div
        class="mini-cart-submit"
      >
        <button
          class="btn btn-block btn-primary"
          disabled=""
          type="button"
        >
          submit
        </button>
      </div>
    </div>
  </div>
</DocumentFragment>
`;

exports[`MiniCart by default renders the MiniCart in closed state with the default view components and an overlay div 1`] = `
<DocumentFragment>
  <div
    class="mini-cart"
  >
    <div
      class="mini-cart-overlay"
    />
    <button
      aria-label="open-mini-cart"
      class="mini-cart-opener"
      data-badge-count="0"
      data-qa-id="miniCartButton"
    >
      <svg
        class="lexicon-icon lexicon-icon-shopping-cart"
        role="presentation"
      >
        <use
          href="#shopping-cart"
        />
      </svg>
    </button>
    <div
      class="mini-cart-wrapper"
    >
      <div
        class="mini-cart-header"
      >
        <div
          class="mini-cart-header-block"
        >
          <div
            class="mini-cart-header-title"
          >
            <h2>
              your-order-is-empty
            </h2>
          </div>
          <button
            aria-label="close-mini-cart"
            class="mini-cart-close"
          >
            <svg
              class="lexicon-icon lexicon-icon-times"
              role="presentation"
            >
              <use
                href="#times"
              />
            </svg>
          </button>
        </div>
      </div>
      <div
        class="mini-cart-wrapper-items"
      />
      <div
        class="mini-cart-submit"
      >
        <button
          class="btn btn-block btn-primary"
          disabled=""
          type="button"
        >
          submit
        </button>
      </div>
    </div>
  </div>
</DocumentFragment>
`;
